// Jest Snapshot v1, https://goo.gl/fbAQLP

exports[`The IndexPage Component should render correctly 1`] = `
<div>
  <div>
    <Loader />
  </div>
</div>
`;
