// Jest Snapshot v1, https://goo.gl/fbAQLP

exports[`The RecipeViewPage Component should render correctly 1`] = `
<div>
  <div>
    <Connect(HomeNavbar)
      user={
        Object {
          "username": "username",
        }
      }
    />
    <div
      className="hide-on-small-only"
      id="recipe-img"
    >
      <div
        className="card z-depth-0"
      >
        <div
          className="card-image"
        >
          <img
            alt="Chicken Soup"
            className="responsive-img"
            src="spice.jpg"
          />
          <span
            className="card-title"
          >
            Chicken Soup
          </span>
        </div>
      </div>
    </div>
    <div
      className="row"
    >
      <Ingredients
        ingredients="**A list of ingredients for preparing Chicken soup**
                  * 1 (3 pound) whole chicken
                  * 4 carrots, halved
                  * 4 stalks celery, halved
                  * 1 large onion, halved
                  * water to cover
                  * salt and pepper to taste
                  * 1 teaspoon chicken bouillon granules (optional)
                  * 1/2 teaspoon lemonade"
      />
      <div
        className="col l7 m8 s12"
      >
        <div
          className="row"
        >
          <Instructions
            instructions="* Put the chicken, carrots, celery and onion in a large
                  soup pot and cover with cold water. Heat and simmer, 
                  uncovered, until the chicken meat falls off of the bones
                  (skim off foam every so often).
                  * Take everything out of the pot. Strain the broth. 
                  Pick the meat off of the bones and chop the carrots, celery 
                  and onion. Season the broth with salt, pepper and chicken 
                  bouillon to taste, if desired. Return the chicken, carrots, 
                  celery and onion to the pot, stir together, and serve."
          />
        </div>
        <div
          className="col l12 m12 s12"
        >
          <div
            className="card recipe-view"
          >
            <div
              className="card-image"
            >
              <img
                alt=""
                className="materialboxed"
                src="spice.jpg"
              />
              <span
                className="card-title right"
              >
                <div
                  className="chip boxReaction"
                  onClick={[Function]}
                >
                  <i
                    className="fa fa-thumbs-up"
                  />
                   
                  0
                </div>
                <div
                  className="chip boxReaction"
                  onClick={[Function]}
                >
                  <i
                    className="fa fa-thumbs-down "
                  />
                   
                  0
                </div>
                <div
                  className="chip boxReaction"
                  onClick={[Function]}
                >
                  <i
                    className="fa fa-heart orange-text"
                  />
                </div>
              </span>
            </div>
          </div>
        </div>
      </div>
    </div>
    <ReduxForm />
    <div
      className="row"
      id="comment-posts"
    >
      <div
        className="col l7 m8 s12 offset-l4 offset-m4"
      >
        <Comments
          review={
            Object {
              "page": 1,
              "pageCount": 1,
              "pageSize": 1,
              "totalCount": 1,
            }
          }
        />
        <Comments
          review={
            Object {
              "1": Object {
                "User": Object {
                  "username": "username",
                },
                "comment": "Love this",
                "createdAt": "2018-02-05T07:00:47.980Z",
                "id": 1,
                "updatedAt": "2018-02-03T15:58:43.318Z",
                "userId": 1,
              },
            }
          }
        />
        <div
          className="center-align"
        >
          <span
            className="chip edit"
            id="view-more"
          >
            View more
          </span>
        </div>
      </div>
    </div>
    <Connect(SideNav) />
    <Footer />
  </div>
</div>
`;
