// Jest Snapshot v1, https://goo.gl/fbAQLP

exports[`Category should render correctly 1`] = `
<div
  className="col l2 offset-l1 m2 s12"
>
  <form
    id="search-form"
    onChange={[Function]}
  >
    <input
      className="white input-fa"
      name="searchTerm"
      onChange={[Function]}
      placeholder="ï€‚ Enter search keyword..."
      type="text"
      value=""
    />
    <select
      value=""
    >
      <option
        disabled={true}
        value=""
      >
        Search criteria
      </option>
      <option
        value="name"
      >
        Title
      </option>
      <option
        value="category"
      >
        Category
      </option>
      <option
        value="ingredients"
      >
        Ingredients
      </option>
    </select>
  </form>
  <div
    className="category hide-on-small-only"
  >
    <div>
      <div>
        <b>
          Featured Categories
        </b>
        <p
          className="divider"
        />
      </div>
      <ul
        className="collapsible z-depth-0"
      >
        <li
          key="roasts"
        >
          <Link
            className="collapsible-header"
            replace={false}
            to="/category/roasts"
          >
            Roasts
          </Link>
        </li>
        <li
          key="drinks"
        >
          <Link
            className="collapsible-header"
            replace={false}
            to="/category/drinks"
          >
            Drinks
          </Link>
        </li>
        <li
          key="salads"
        >
          <Link
            className="collapsible-header"
            replace={false}
            to="/category/salads"
          >
            Salads
          </Link>
        </li>
        <li
          key="fruits"
        >
          <Link
            className="collapsible-header"
            replace={false}
            to="/category/fruits"
          >
            Fruits
          </Link>
        </li>
        <li
          key="pastas"
        >
          <Link
            className="collapsible-header"
            replace={false}
            to="/category/pastas"
          >
            Pastas
          </Link>
        </li>
        <li
          key="brunch"
        >
          <Link
            className="collapsible-header"
            replace={false}
            to="/category/brunch"
          >
            Brunch
          </Link>
        </li>
        <li
          key="desserts"
        >
          <Link
            className="collapsible-header"
            replace={false}
            to="/category/desserts"
          >
            Desserts
          </Link>
        </li>
        <li
          key="seafoods"
        >
          <Link
            className="collapsible-header"
            replace={false}
            to="/category/seafoods"
          >
            Seafoods
          </Link>
        </li>
        <li
          key="specials"
        >
          <Link
            className="collapsible-header"
            replace={false}
            to="/category/specials"
          >
            Specials
          </Link>
        </li>
      </ul>
    </div>
  </div>
</div>
`;
