// Jest Snapshot v1, https://goo.gl/fbAQLP

exports[`PostRecipe should render correctly 1`] = `
<div
  className="container"
>
  <div
    className="row"
  >
    <form
      className="col l8 m8 s10 offset-s1 offset-m2 offset-l2"
    >
      <Field
        className=""
        component={[Function]}
        label="Recipe Name"
        name="recipeName"
        placeholder="Enter recipe name"
        type="text"
      />
      <Field
        component={[Function]}
        name="category"
        value=""
      />
      <Field
        className="materialize-textarea"
        component={[Function]}
        label="Ingredients"
        name="ingredients"
        placeholder="Markdown supported"
        type="text"
      />
      <Field
        className="materialize-textarea"
        component={[Function]}
        label="Intsructions"
        name="instructions"
        placeholder="Markdown supported"
        type="text"
      />
      <div>
        <Field
          component={[Function]}
          name="image"
        />
        <span
          className="image-name"
        >
          <p />
        </span>
      </div>
      <div
        className="form-btn-control"
      >
        <button
          className="btn red"
          onClick={[Function]}
        >
          Cancel
        </button>
        <button
          className="btn"
          disabled={true}
          type="submit"
        >
          Update
        </button>
      </div>
    </form>
  </div>
</div>
`;
