// Jest Snapshot v1, https://goo.gl/fbAQLP

exports[`The Banner Component should render correctly 1`] = `
<Banner>
  <div
    className="hide-on-small-only"
    id="banner"
  >
    <div
      className="card z-depth-0"
    >
      <div
        className="card-image"
      >
        <img
          alt=""
          className="responsive-img"
          src="test-file-stub"
        />
      </div>
    </div>
  </div>
</Banner>
`;
